12:02:40 **** Incremental Build of configuration Debug for project Lab1 ****
make -j8 all 
arm-none-eabi-gcc "../Core/Src/main.c" -mcpu=cortex-m4 -std=gnu11 -g3 -DDEBUG -DUSE_HAL_DRIVER -DSTM32F407xx -c -I../Core/Inc -I../Drivers/STM32F4xx_HAL_Driver/Inc -I../Drivers/STM32F4xx_HAL_Driver/Inc/Legacy -I../Drivers/CMSIS/Device/ST/STM32F4xx/Include -I../Drivers/CMSIS/Include -O0 -ffunction-sections -fdata-sections -Wall -fstack-usage -fcyclomatic-complexity -MMD -MP -MF"Core/Src/main.d" -MT"Core/Src/main.o" --specs=nano.specs -mfpu=fpv4-sp-d16 -mfloat-abi=hard -mthumb -o "Core/Src/main.o"
../Core/Src/main.c: In function 'main':
../Core/Src/main.c:50:12: warning: unused variable 'prevRedMillis' [-Wunused-variable]
   50 |   uint32_t prevRedMillis = HAL_GetTick();
      |            ^~~~~~~~~~~~~
../Core/Src/main.c:49:12: warning: unused variable 'prevOrangeMillis' [-Wunused-variable]
   49 |   uint32_t prevOrangeMillis = HAL_GetTick();
      |            ^~~~~~~~~~~~~~~~
../Core/Src/main.c:48:12: warning: unused variable 'prevMillis' [-Wunused-variable]
   48 |   uint32_t prevMillis = HAL_GetTick();
      |            ^~~~~~~~~~
arm-none-eabi-gcc -o "Lab1.elf" @"objects.list"   -mcpu=cortex-m4 -T"C:\Users\20222214\Documents\WorkplaceRosolov\Lab1\STM32F407VGTX_FLASH.ld" --specs=nosys.specs -Wl,-Map="Lab1.map" -Wl,--gc-sections -static --specs=nano.specs -mfpu=fpv4-sp-d16 -mfloat-abi=hard -mthumb -Wl,--start-group -lc -lm -Wl,--end-group
Finished building target: Lab1.elf
 
arm-none-eabi-size   Lab1.elf 
arm-none-eabi-objdump -h -S  Lab1.elf  > "Lab1.list"
   text	   data	    bss	    dec	    hex	filename
   6008	     28	   1572	   7608	   1db8	Lab1.elf
Finished building: default.size.stdout
 
Finished building: Lab1.list
 

12:02:41 Build Finished. 0 errors, 3 warnings. (took 931ms)

